1     0  1
2     1  0
3     1  0
4     0  1
5     1  0
6     0  0
7     1  0
8     0  0
9     0  1
10    0  0
11    1  0
12    0  0
13    1  0
14    0  0
15    0  0
16    0  1
17    1  0
18    0  0
19    1  0
20    0  0
21    0  0
22    0  0
23    1  0
24    0  0
25    0  1
26    0  0
27    0  0
28    0  0
29    1  0
30    0  0
31    1  0
32    0  0
33    0  0
34    0  0
35    0  0
36    0  1
37    1  0
38    0  0
39    0  0
40    0  0
41    1  0
42    0  0
43    1  0
44    0  0
45    0  0
46    0  0
47    1  0
48    0  0
Result: <void>
