26433
18117
35864
29902
22374
26894
34858
21913
26346
28957
19312
13379
29835
25383
20286
17270
22171
16466
22031
17024
25334
25343
33483
35521
24210
23500
30876
34142
27867
29994
25592
23657
34366
30544
26705
25811
35093
24575
24261
27031
27527
21482
37024
32449
24917
28318
33618
27051
26986
27120
18666
15955
27746
26154
18022
18277
18439
19923
20036
20763
16186
13714
30198
25443
17607
13462
18177
14582
22406
18555
18156
18304
26854
22609
18462
20664
25673
21492
19384
18992
19376
17554
27687
26046
14359
13993
27183
18537
18769
20004
25669
21347
37892
32581
24478
28843
32430
28614
29191
30799
