1,VAR,arr,ARRAY 3 OF CHAR
0,TYPE,Row,RECORD (ARRAY 3 OF CHAR)
0,VAR,board,ARRAY 3 OF RECORD (ARRAY 3 OF CHAR)
0,VAR,i,INTEGER
0,VAR,j,INTEGER
