0,TYPE,Empty,ARRAY 0 OF INTEGER
0,VAR,a,ARRAY 0 OF INTEGER
0,VAR,b,ARRAY 0 OF INTEGER
