1,VAR,x,INTEGER
1,VAR,y,INTEGER
0,TYPE,R,RECORD (INTEGER x INTEGER)
1,VAR,a,INTEGER
1,VAR,b,INTEGER
0,TYPE,Q,RECORD (INTEGER x INTEGER)
0,VAR,a,ARRAY 5 OF RECORD (INTEGER x INTEGER)
0,VAR,b,ARRAY 5 OF RECORD (INTEGER x INTEGER)
