1,VAR,x,INTEGER
0,TYPE,P,RECORD (INTEGER)
1,VAR,x,INTEGER
1,VAR,y,INTEGER
0,TYPE,R,RECORD (INTEGER x INTEGER)
1,VAR,a,RECORD (INTEGER)
1,VAR,b,RECORD (INTEGER)
0,TYPE,Q,RECORD (RECORD (INTEGER) x RECORD (INTEGER))
1,VAR,d,ARRAY 5 OF RECORD (RECORD (INTEGER) x RECORD (INTEGER))
0,TYPE,T,RECORD (ARRAY 5 OF RECORD (RECORD (INTEGER) x RECORD (INTEGER)))
0,VAR,a,ARRAY 10 OF RECORD (INTEGER x INTEGER)
0,VAR,b,ARRAY 2 OF RECORD (ARRAY 5 OF RECORD (RECORD (INTEGER) x RECORD (INTEGER)))
