0,CONST,N,INTEGER
0,VAR,arr,ARRAY 20 OF INTEGER
0,VAR,i,INTEGER
