0,VAR,a,INTEGER
0,VAR,b,INTEGER
0,VAR,sum,INTEGER
