0,TYPE,Big,ARRAY 1000 OF INTEGER
0,VAR,big,ARRAY 1000 OF INTEGER
