0,VAR,i,INTEGER
0,VAR,sum,INTEGER
0,VAR,n,INTEGER
