0,TYPE,Grid,ARRAY 10 OF ARRAY 10 OF INTEGER
0,VAR,mygrid,ARRAY 10 OF ARRAY 10 OF INTEGER
