0,TYPE,int,INTEGER
1,VAR,int,INTEGER
0,VAR,x,RECORD (INTEGER)
