1,VAR,name,ARRAY 10 OF CHAR
1,VAR,age,INTEGER
0,TYPE,Person,RECORD (ARRAY 10 OF CHAR x INTEGER)
0,VAR,p,RECORD (ARRAY 10 OF CHAR x INTEGER)
