3,VAR,x,INTEGER
2,VAR,x,RECORD (INTEGER)
1,VAR,x,RECORD (RECORD (INTEGER))
0,VAR,x,RECORD (RECORD (RECORD (INTEGER)))
