1,VAR,name,ARRAY 10 OF CHAR
1,VAR,age,INTEGER
0,TYPE,Person,RECORD (ARRAY 10 OF CHAR x INTEGER)
1,VAR,details,RECORD (ARRAY 10 OF CHAR x INTEGER)
1,VAR,children,ARRAY 2 OF RECORD (ARRAY 10 OF CHAR x INTEGER)
0,TYPE,Parent,RECORD (RECORD (ARRAY 10 OF CHAR x INTEGER) x ARRAY 2 OF RECORD (ARRAY 10 OF CHAR x INTEGER))
0,VAR,parents,ARRAY 4 OF RECORD (RECORD (ARRAY 10 OF CHAR x INTEGER) x ARRAY 2 OF RECORD (ARRAY 10 OF CHAR x INTEGER))
0,VAR,i,INTEGER
0,VAR,j,INTEGER
0,VAR,k,INTEGER
