1
36
52
27
86
47
30
99
85
53
26
4
82
57
69
35
36
1
27
52
47
86
99
30
53
85
4
26
57
82
35
69
